Last login: Sat Jun 13 08:12:44 on ttys000
sleepy_sj@Shamaras-MacBook-Air ~ % mkdir InfrastructureDecisionTool
cd InfrastructureDecisionTool
npm init -y
npm install readline-sync
mkdir: InfrastructureDecisionTool: File exists
Wrote to /Users/sleepy_sj/InfrastructureDecisionTool/package.json:

{
  "name": "infrastructuredecisiontool",
  "version": "1.0.0",
  "description": "",
  "main": "index.js",
  "scripts": {
    "test": "echo \"Error: no test specified\" && exit 1"
  },
  "keywords": [],
  "author": "",
  "license": "ISC",
  "type": "commonjs",
  "dependencies": {
    "readline-sync": "^1.4.10"
  },
  "devDependencies": {}
}



up to date, audited 2 packages in 413ms

found 0 vulnerabilities
sleepy_sj@Shamaras-MacBook-Air InfrastructureDecisionTool % app.js
zsh: command not found: app.js
sleepy_sj@Shamaras-MacBook-Air InfrastructureDecisionTool % touch app.js
sleepy_sj@Shamaras-MacBook-Air InfrastructureDecisionTool % node app.js
sleepy_sj@Shamaras-MacBook-Air InfrastructureDecisionTool % nano app.js
sleepy_sj@Shamaras-MacBook-Air InfrastructureDecisionTool % 
sleepy_sj@Shamaras-MacBook-Air InfrastructureDecisionTool % nano app.js
sleepy_sj@Shamaras-MacBook-Air InfrastructureDecisionTool % node app.js
sleepy_sj@Shamaras-MacBook-Air InfrastructureDecisionTool % nano app.js
sleepy_sj@Shamaras-MacBook-Air InfrastructureDecisionTool % node app.js
sleepy_sj@Shamaras-MacBook-Air InfrastructureDecisionTool % nano app.js
sleepy_sj@Shamaras-MacBook-Air InfrastructureDecisionTool % node app.js
hello
sleepy_sj@Shamaras-MacBook-Air InfrastructureDecisionTool % nano app.js
sleepy_sj@Shamaras-MacBook-Air InfrastructureDecisionTool % node app.js
hello
sleepy_sj@Shamaras-MacBook-Air InfrastructureDecisionTool % nano app.js
sleepy_sj@Shamaras-MacBook-Air InfrastructureDecisionTool % nano app.js
sleepy_sj@Shamaras-MacBook-Air InfrastructureDecisionTool % nano app.js
sleepy_sj@Shamaras-MacBook-Air InfrastructureDecisionTool % node app.js

Infrastructure Decision Tool
1. Subnet Host Checker
2. Compute Environment Selector
3. Exit
Choose an option: 1   
Enter number of hosts needed: 10
You need 4 host bits.
That gives 14 usable hosts.

Infrastructure Decision Tool
1. Subnet Host Checker
2. Compute Environment Selector
3. Exit
Choose an option: 2

[1] Development
[2] Testing
[3] Staging
[4] Production
[0] CANCEL

Choose a compute environment [1...4 / 0]: 1
You selected: Development

Infrastructure Decision Tool
1. Subnet Host Checker
2. Compute Environment Selector
3. Exit
Choose an option: 3
Goodbye!
sleepy_sj@Shamaras-MacBook-Air InfrastructureDecisionTool % git status
fatal: not a git repository (or any of the parent directories): .git
sleepy_sj@Shamaras-MacBook-Air InfrastructureDecisionTool % git init
git status
Initialized empty Git repository in /Users/sleepy_sj/InfrastructureDecisionTool/.git/
On branch main

No commits yet

Untracked files:
  (use "git add <file>..." to include in what will be committed)
	.DS_Store
	app.js
	node_modules/
	package-lock.json
	package.json

nothing added to commit but untracked files present (use "git add" to track)
sleepy_sj@Shamaras-MacBook-Air InfrastructureDecisionTool % touch .gitignore
sleepy_sj@Shamaras-MacBook-Air InfrastructureDecisionTool % nano .gitignore
sleepy_sj@Shamaras-MacBook-Air InfrastructureDecisionTool % git rm -r --cached node_modules
fatal: pathspec 'node_modules' did not match any files
sleepy_sj@Shamaras-MacBook-Air InfrastructureDecisionTool % nano .gitignore
sleepy_sj@Shamaras-MacBook-Air InfrastructureDecisionTool % git add .
sleepy_sj@Shamaras-MacBook-Air InfrastructureDecisionTool % git commit -m "Initial commit"
[main (root-commit) 791dff5] Initial commit
 Committer: Shamara Jackson <sleepy_sj@Shamaras-MacBook-Air.local>
Your name and email address were configured automatically based
on your username and hostname. Please check that they are accurate.
You can suppress this message by setting them explicitly:

    git config --global user.name "Your Name"
    git config --global user.email you@example.com

After doing this, you may fix the identity used for this commit with:

    git commit --amend --reset-author

 4 files changed, 102 insertions(+)
sleepy_sj@Shamaras-MacBook-Air InfrastructureDecisionTool % git remote add origin https://github.com/jacksonsn4/InfrastructureDecisionTool.git
git branch -M main
git push -u origin main
remote: Invalid username or token. Password authentication is not supported for Git operations.
fatal: Authentication failed for 'https://github.com/jacksonsn4/InfrastructureDecisionTool.git/'
sleepy_sj@Shamaras-MacBook-Air InfrastructureDecisionTool % git remote add origin git@github.com:jacksonsn4/InfrastructureDecisionTool.git
git branch -M main
git push -u origin main
error: remote origin already exists.
Username for 'https://github.com': git remote set-url origin git@github.com:jacksonsn4/InfrastructureDecisionTool.git
git remote -v
git push -u origin mainPassword for 'https://git remote set-url origin git@github.com:jacksonsn4/InfrastructureDecisionTool.git@github.com': 
remote: Invalid username or token. Password authentication is not supported for Git operations.
fatal: Authentication failed for 'https://github.com/jacksonsn4/InfrastructureDecisionTool.git/'
sleepy_sj@Shamaras-MacBook-Air InfrastructureDecisionTool % git remote -v
origin	https://github.com/jacksonsn4/InfrastructureDecisionTool.git (fetch)
origin	https://github.com/jacksonsn4/InfrastructureDecisionTool.git (push)
sleepy_sj@Shamaras-MacBook-Air InfrastructureDecisionTool % git remote set-url origin git@github.com:jacksonsn4/InfrastructureDecisionTool.git
git remote -v
git push -u origin main
origin	git@github.com:jacksonsn4/InfrastructureDecisionTool.git (fetch)
origin	git@github.com:jacksonsn4/InfrastructureDecisionTool.git (push)
The authenticity of host 'github.com (140.82.113.4)' can't be established.
ED25519 key fingerprint is SHA256:+DiY3wvvV6TuJJhbpZisF/zLDA0zPMSvHdkr4UvCOqU.
This key is not known by any other names.
Are you sure you want to continue connecting (yes/no/[fingerprint])? yes
Warning: Permanently added 'github.com' (ED25519) to the list of known hosts.
git@github.com: Permission denied (publickey).
fatal: Could not read from remote repository.

Please make sure you have the correct access rights
and the repository exists.
sleepy_sj@Shamaras-MacBook-Air InfrastructureDecisionTool % ssh-keygen -R github.com
# Host github.com found: line 1
/Users/sleepy_sj/.ssh/known_hosts updated.
Original contents retained as /Users/sleepy_sj/.ssh/known_hosts.old
sleepy_sj@Shamaras-MacBook-Air InfrastructureDecisionTool % ssh-keygen -t ed25519 -C "jacksonsn4@vcu.edu"
eval "$(ssh-agent -s)"
ssh-add ~/.ssh/id_ed25519
pbcopy < ~/.ssh/id_ed25519.pub
Generating public/private ed25519 key pair.
Enter file in which to save the key (/Users/sleepy_sj/.ssh/id_ed25519):ssh-keygen -t ed25519 -C "jacksonsn4@vcu.edu"                    
Enter passphrase (empty for no passphrase): 
Enter same passphrase again: 
Passphrases do not match.  Try again.
Enter passphrase (empty for no passphrase): 
Enter same passphrase again: 
Passphrases do not match.  Try again.
Enter passphrase (empty for no passphrase): 

sleepy_sj@Shamaras-MacBook-Air InfrastructureDecisionTool % git remote set-url origin https://github.com/jacksonsn4/InfrastructureDecisionTool.git
git remote -v
origin	https://github.com/jacksonsn4/InfrastructureDecisionTool.git (fetch)
origin	https://github.com/jacksonsn4/InfrastructureDecisionTool.git (push)
sleepy_sj@Shamaras-MacBook-Air InfrastructureDecisionTool % git push -u origin main
Username for 'https://github.com': ssh-keygen -t ed25519 -C "jacksonsn4@vcu.edu"
Password for 'https://ssh-keygen -t ed25519 -C "jacksonsn4@vcu.edu"@github.com': 
remote: Invalid username or token. Password authentication is not supported for Git operations.
fatal: Authentication failed for 'https://github.com/jacksonsn4/InfrastructureDecisionTool.git/'
sleepy_sj@Shamaras-MacBook-Air InfrastructureDecisionTool % git remote set-url origin https://github.com/jacksonsn4/InfrastructureDecisionTool.git
git push -u origin main
Username for 'https://github.com': jacksonsn4
Password for 'https://jacksonsn4@github.com': 
remote: Permission to jacksonsn4/InfrastructureDecisionTool.git denied to jacksonsn4.
fatal: unable to access 'https://github.com/jacksonsn4/InfrastructureDecisionTool.git/': The requested URL returned error: 403
sleepy_sj@Shamaras-MacBook-Air InfrastructureDecisionTool % git push -u origin main
Username for 'https://github.com': jacksonsn4
Password for 'https://jacksonsn4@github.com': 
remote: Invalid username or token. Password authentication is not supported for Git operations.
fatal: Authentication failed for 'https://github.com/jacksonsn4/InfrastructureDecisionTool.git/'
sleepy_sj@Shamaras-MacBook-Air InfrastructureDecisionTool % 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
zsh: command not found: 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
sleepy_sj@Shamaras-MacBook-Air InfrastructureDecisionTool % git remote -v
origin	https://github.com/jacksonsn4/InfrastructureDecisionTool.git (fetch)
origin	https://github.com/jacksonsn4/InfrastructureDecisionTool.git (push)
sleepy_sj@Shamaras-MacBook-Air InfrastructureDecisionTool % https://github.com/jacksonsn4/InfrastructureDecisionTool.git
zsh: no such file or directory: https://github.com/jacksonsn4/InfrastructureDecisionTool.git
sleepy_sj@Shamaras-MacBook-Air InfrastructureDecisionTool % git push -u origin main
Username for 'https://github.com': jacksonsn4
Password for 'https://jacksonsn4@github.com': 
sleepy_sj@Shamaras-MacBook-Air InfrastructureDecisionTool % https://github.com/jacksonsn4/InfrastructureDecisionTool.git
zsh: no such file or directory: https://github.com/jacksonsn4/InfrastructureDecisionTool.git
sleepy_sj@Shamaras-MacBook-Air InfrastructureDecisionTool % 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
zsh: command not found: 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
sleepy_sj@Shamaras-MacBook-Air InfrastructureDecisionTool % git credential-osxkeychain erase
host=github.com
protocol=https
git push -u origin main
bad input: git push -u origin main
sleepy_sj@Shamaras-MacBook-Air InfrastructureDecisionTool % git push -u origin main
Username for 'https://github.com': jacksonsn4
Password for 'https://jacksonsn4@github.com': 
sleepy_sj@Shamaras-MacBook-Air InfrastructureDecisionTool % git remote set-url origin https://github.com/jacksonsn4/InfrastructureDecisionTool.git
git push -u origin main
Username for 'https://github.com': jacksonsn4
Password for 'https://jacksonsn4@github.com': 
sleepy_sj@Shamaras-MacBook-Air InfrastructureDecisionTool % git credential-osxkeychain erase
host=github.com
protocol=https
git push -u origin main
bad input: git push -u origin main
sleepy_sj@Shamaras-MacBook-Air InfrastructureDecisionTool % git remote set-url origin https://USERNAME:TOKEN@github.com/jacksonsn4/InfrastructureDecisionTool.git
git push -u origin main
remote: Invalid username or token. Password authentication is not supported for Git operations.
fatal: Authentication failed for 'https://github.com/jacksonsn4/InfrastructureDecisionTool.git/'
sleepy_sj@Shamaras-MacBook-Air InfrastructureDecisionTool % git credential-osxkeychain erase
host=github.com
protocol=https
git push -u origin main
bad input: git push -u origin main
sleepy_sj@Shamaras-MacBook-Air InfrastructureDecisionTool % Password for 'https://jacksonsn4@github.com':
zsh: command not found: Password
sleepy_sj@Shamaras-MacBook-Air InfrastructureDecisionTool % git credential-osxkeychain erase
host=github.com
protocol=https
-u origin main                     
bad input: -u origin main
sleepy_sj@Shamaras-MacBook-Air InfrastructureDecisionTool % cd ~/InfrastructureDecisionTool
code .
zsh: command not found: code
sleepy_sj@Shamaras-MacBook-Air InfrastructureDecisionTool % nano app.js
sleepy_sj@Shamaras-MacBook-Air InfrastructureDecisionTool % git add app.js
git commit -m "add assignment logic"
On branch main
nothing to commit, working tree clean
sleepy_sj@Shamaras-MacBook-Air InfrastructureDecisionTool % nano app.js
sleepy_sj@Shamaras-MacBook-Air InfrastructureDecisionTool % git status
On branch main
nothing to commit, working tree clean
sleepy_sj@Shamaras-MacBook-Air InfrastructureDecisionTool % git add app.js
git commit -m "add assignment logic"
On branch main
nothing to commit, working tree clean
sleepy_sj@Shamaras-MacBook-Air InfrastructureDecisionTool % nano app.js
sleepy_sj@Shamaras-MacBook-Air InfrastructureDecisionTool % git status
On branch main
Changes not staged for commit:
  (use "git add <file>..." to update what will be committed)
  (use "git restore <file>..." to discard changes in working directory)
	modified:   app.js

no changes added to commit (use "git add" and/or "git commit -a")
sleepy_sj@Shamaras-MacBook-Air InfrastructureDecisionTool % git add app.js
git commit -m "add assignment logic"
[main 650b310] add assignment logic
 1 file changed, 1 insertion(+)
sleepy_sj@Shamaras-MacBook-Air InfrastructureDecisionTool % cat app.js
const readlineSync = require('readline-sync');

function subnetHostChecker() {
  const hosts = readlineSync.question('Enter number of hosts needed: ');
  const numHosts = Number(hosts);

  if (Number.isNaN(numHosts) || numHosts <= 0) {
    console.log('Please enter a valid positive number.');
    return;
  }

  let bits = 0;
  let totalHosts = 2;

  while (totalHosts - 2 < numHosts) {
    bits++;
    totalHosts = Math.pow(2, bits);
  }

  console.log(`You need ${bits} host bits.`);
  console.log(`That gives ${totalHosts - 2} usable hosts.`);
}

function computeEnvironmentSelector() {
  const environments = ['Development', 'Testing', 'Staging', 'Production'];
  const choice = readlineSync.keyInSelect(environments, 'Choose a compute environment:');

  if (choice === -1) {
    console.log('No selection made.');
    return;
  }

  console.log(`You selected: ${environments[choice]}`);
}

function mainMenu() {
  while (true) {
    console.log('\nInfrastructure Decision Tool');
    console.log('1. Subnet Host Checker');
    console.log('2. Compute Environment Selector');
    console.log('3. Exit');

    const option = readlineSync.question('Choose an option: ');

    if (option === '1') {
      subnetHostChecker();
    } else if (option === '2') {
      computeEnvironmentSelector();
    } else if (option === '3') {
      console.log('Goodbye!');
      break;
    } else {
      console.log('Invalid option. Try again.');
    }
  }
}

mainMenu();
console.log("test");
sleepy_sj@Shamaras-MacBook-Air InfrastructureDecisionTool % nano README.TXT
git add README.TXT
git commit -m "add readme examples"
[main 962ec4c] add readme examples
 1 file changed, 9 insertions(+)
 create mode 100644 README.TXT
sleepy_sj@Shamaras-MacBook-Air InfrastructureDecisionTool % git add README.TXT
git commit -m "add readme examples"
On branch main
nothing to commit, working tree clean
sleepy_sj@Shamaras-MacBook-Air InfrastructureDecisionTool % nano app.js
sleepy_sj@Shamaras-MacBook-Air InfrastructureDecisionTool % git status
On branch main
Changes not staged for commit:
  (use "git add <file>..." to update what will be committed)
  (use "git restore <file>..." to discard changes in working directory)
	modified:   app.js

no changes added to commit (use "git add" and/or "git commit -a")
sleepy_sj@Shamaras-MacBook-Air InfrastructureDecisionTool % git add app.js
git commit -m "update app logic"
[main adeecc2] update app logic
 1 file changed, 1 insertion(+)
sleepy_sj@Shamaras-MacBook-Air InfrastructureDecisionTool % git add app.js
git commit -m "update app logic"
On branch main
nothing to commit, working tree clean
sleepy_sj@Shamaras-MacBook-Air InfrastructureDecisionTool % git log --oneline
adeecc2 (HEAD -> main) update app logic
962ec4c add readme examples
650b310 add assignment logic
791dff5 Initial commit
sleepy_sj@Shamaras-MacBook-Air InfrastructureDecisionTool % nano app.js
sleepy_sj@Shamaras-MacBook-Air InfrastructureDecisionTool % git add app.js
git commit -m "final cleanup"
On branch main
nothing to commit, working tree clean
sleepy_sj@Shamaras-MacBook-Air InfrastructureDecisionTool % ls
README.TXT		node_modules		package.json
app.js			package-lock.json
sleepy_sj@Shamaras-MacBook-Air InfrastructureDecisionTool % nano app.js
sleepy_sj@Shamaras-MacBook-Air InfrastructureDecisionTool % git log --oneline 
adeecc2 (HEAD -> main) update app logic
962ec4c add readme examples
650b310 add assignment logic
791dff5 Initial commit
sleepy_sj@Shamaras-MacBook-Air InfrastructureDecisionTool % git push -u origin main
remote: Invalid username or token. Password authentication is not supported for Git operations.
fatal: Authentication failed for 'https://github.com/jacksonsn4/InfrastructureDecisionTool.git/'
sleepy_sj@Shamaras-MacBook-Air InfrastructureDecisionTool % git add .
git commit -m "final version"
git push -u origin main
On branch main
nothing to commit, working tree clean
remote: Invalid username or token. Password authentication is not supported for Git operations.
fatal: Authentication failed for 'https://github.com/jacksonsn4/InfrastructureDecisionTool.git/'
sleepy_sj@Shamaras-MacBook-Air InfrastructureDecisionTool % ls                     

